Emi@DESKTOP-RSD2IBU MINGW64 ~/OneDrive/Escritorio/DH (master)
$ ls -R
.:
peliculas/

./peliculas:
accion/  comedia/  infantiles/  romanticas/  terror/

./peliculas/accion:
 cars.jpg                    el_exorcista.pdf  'smooth criminal.txt.txt'
'diarios de una pasion.js'   prueba2/

./peliculas/accion/prueba2:

./peliculas/comedia:
 it.xls   madagascar.js  'mision imposible.png'  'orgullo y prejuicio.txt'

./peliculas/infantiles:
'el juego del miedo.xls'  'rapidos y furiosos.pdf'
 intensamente.txt          titanic.jpg

./peliculas/romanticas:
 annabelle.js  'la mascara.js'   pocahontas.jpg   prueba/   vengadores.js

./peliculas/romanticas/prueba:

./peliculas/terror:
'la dama y el bagavundo.png'  'we wiil rock you.js'
'que paso ayer.pdf'           'yo antes de ti.xls'

Emi@DESKTOP-RSD2IBU MINGW64 ~/OneDrive/Escritorio/DH (master)
$ mv peliculas/romanticas/vengadores.js peliculas/accion/los_vengadores.js

Emi@DESKTOP-RSD2IBU MINGW64 ~/OneDrive/Escritorio/DH (master)
$ mv peliculas/romanticas/annabelle.js peliculas/terror/annabelle.js

Emi@DESKTOP-RSD2IBU MINGW64 ~/OneDrive/Escritorio/DH (master)
$ mv peliculas/romanticas/la_mascara.js peliculas/terror/la_mascara.js
mv: cannot stat 'peliculas/romanticas/la_mascara.js': No such file or directory

Emi@DESKTOP-RSD2IBU MINGW64 ~/OneDrive/Escritorio/DH (master)
$ mv peliculas/romanticas/¨la mascara.js¨ peliculas/comedia/¨la mascara.js¨
mv: target 'mascara.js¨' is not a directory

Emi@DESKTOP-RSD2IBU MINGW64 ~/OneDrive/Escritorio/DH (master)
$ mv peliculas/romanticas/´la mascara.js´ peliculas/comedia/´la mascara.js´
mv: target 'mascara.js´' is not a directory

Emi@DESKTOP-RSD2IBU MINGW64 ~/OneDrive/Escritorio/DH (master)
$ mv peliculas/romanticas/la mascara.js peliculas/comedia/la mascara.js
mv: target 'mascara.js' is not a directory

Emi@DESKTOP-RSD2IBU MINGW64 ~/OneDrive/Escritorio/DH (master)
$ cd romanticas
bash: cd: romanticas: No such file or directory

Emi@DESKTOP-RSD2IBU MINGW64 ~/OneDrive/Escritorio/DH (master)
$ cd peliculas/romanticas

Emi@DESKTOP-RSD2IBU MINGW64 ~/OneDrive/Escritorio/DH/peliculas/romanticas (master)
$ mv ¨la mascara.js¨ la_mascara.js
mv: target 'la_mascara.js' is not a directory

Emi@DESKTOP-RSD2IBU MINGW64 ~/OneDrive/Escritorio/DH/peliculas/romanticas (master)
$ cd ..

Emi@DESKTOP-RSD2IBU MINGW64 ~/OneDrive/Escritorio/DH/peliculas (master)
$ cd..
bash: cd..: command not found

Emi@DESKTOP-RSD2IBU MINGW64 ~/OneDrive/Escritorio/DH/peliculas (master)
$ cd ..

Emi@DESKTOP-RSD2IBU MINGW64 ~/OneDrive/Escritorio/DH (master)
$ mv peliculas/romanticas/la\ mascara.js peliculas/comedia/la\mascara.ls

Emi@DESKTOP-RSD2IBU MINGW64 ~/OneDrive/Escritorio/DH (master)
$ mv peliculas/romanticas/pocahontas.jpg peliculas/infantiles/pocahontas.jpg

Emi@DESKTOP-RSD2IBU MINGW64 ~/OneDrive/Escritorio/DH (master)
$ mv peliculas/terror/la\ dama\ y\ el\ bagavundo.png peliculas/romanticas/la\dama\y\el\bagavundo.png

Emi@DESKTOP-RSD2IBU MINGW64 ~/OneDrive/Escritorio/DH (master)
$ mv peliculas/terror/yo\ antes\ de\ ti.xls peliculas/romanticas/Yo\antes\de\ti.xls

Emi@DESKTOP-RSD2IBU MINGW64 ~/OneDrive/Escritorio/DH (master)
$ mv peliculas/terror/que\paso\ayer.pdf peliculas/comedia/que\paso\ayer.pdf
mv: cannot stat 'peliculas/terror/quepasoayer.pdf': No such file or directory

Emi@DESKTOP-RSD2IBU MINGW64 ~/OneDrive/Escritorio/DH (master)
$ mv peliculas/terror/que\paso\ayer.pdf peliculas/comedia/que\paso\ayer.pdf
mv: cannot stat 'peliculas/terror/quepasoayer.pdf': No such file or directory

Emi@DESKTOP-RSD2IBU MINGW64 ~/OneDrive/Escritorio/DH (master)
$ mv peliculas/terror/que\ paso\ ayer.pdf peliculas/comedia/que\ paso\ ayer.pdf

Emi@DESKTOP-RSD2IBU MINGW64 ~/OneDrive/Escritorio/DH (master)
$ ls -R
.:
peliculas/

./peliculas:
accion/  comedia/  infantiles/  romanticas/  terror/

./peliculas/accion:
 cars.jpg                    el_exorcista.pdf    prueba2/
'diarios de una pasion.js'   los_vengadores.js  'smooth criminal.txt.txt'

./peliculas/accion/prueba2:

./peliculas/comedia:
 it.xls         madagascar.js          'orgullo y prejuicio.txt'
 lamascara.ls  'mision imposible.png'  'que paso ayer.pdf'

./peliculas/infantiles:
'el juego del miedo.xls'   pocahontas.jpg            titanic.jpg
 intensamente.txt         'rapidos y furiosos.pdf'

./peliculas/romanticas:
Yoantesdeti.xls  ladamayelbagavundo.png  prueba/

./peliculas/romanticas/prueba:

./peliculas/terror:
 annabelle.js  'we wiil rock you.js'

Emi@DESKTOP-RSD2IBU MINGW64 ~/OneDrive/Escritorio/DH (master)
$ mv peliculas/accion/cars.jpg pelicualas/infantiles/cars.jpg
mv: cannot move 'peliculas/accion/cars.jpg' to 'pelicualas/infantiles/cars.jpg': No such file or directory

Emi@DESKTOP-RSD2IBU MINGW64 ~/OneDrive/Escritorio/DH (master)
$ mv peliculas/accion/ cars.jpg pelicualas/infantiles/ cars.jpg
mv: target 'cars.jpg' is not a directory

Emi@DESKTOP-RSD2IBU MINGW64 ~/OneDrive/Escritorio/DH (master)
$ mv peliculas/accion/ cars.jpg peliculas/infantiles/ cars.jpg
mv: target 'cars.jpg' is not a directory

Emi@DESKTOP-RSD2IBU MINGW64 ~/OneDrive/Escritorio/DH (master)
$ mv peliculas/accion/cars.jpg peliculas/infantiles/cars.jpg

Emi@DESKTOP-RSD2IBU MINGW64 ~/OneDrive/Escritorio/DH (master)
$ mv peliculas/accion/diarios\ de\ una\ pasion.js peliculas/romanticas/romanticas/diarios\ de\ una\ pasion.js
mv: cannot move 'peliculas/accion/diarios de una pasion.js' to 'peliculas/romanticas/romanticas/diarios de una pasion.js': No such file or directory

Emi@DESKTOP-RSD2IBU MINGW64 ~/OneDrive/Escritorio/DH (master)
$ mv peliculas/accion/diarios\ de\ una\ pasion.js peliculas/romanticas/diarios\ de\ una\ pasion.js     
Emi@DESKTOP-RSD2IBU MINGW64 ~/OneDrive/Escritorio/DH (master)
$ mv peliculas/accion/el_exorcista.pdf peliculas/terror/el_exorcista.pdf

Emi@DESKTOP-RSD2IBU MINGW64 ~/OneDrive/Escritorio/DH (master)
$ ls _R
ls: cannot access '_R': No such file or directory

Emi@DESKTOP-RSD2IBU MINGW64 ~/OneDrive/Escritorio/DH (master)
$ ls-R
bash: ls-R: command not found

Emi@DESKTOP-RSD2IBU MINGW64 ~/OneDrive/Escritorio/DH (master)
$ la -R
bash: la: command not found

Emi@DESKTOP-RSD2IBU MINGW64 ~/OneDrive/Escritorio/DH (master)
$ ls -R
.:
peliculas/

./peliculas:
accion/  comedia/  infantiles/  romanticas/  terror/

./peliculas/accion:
 los_vengadores.js   prueba2/  'smooth criminal.txt.txt'

./peliculas/accion/prueba2:

./peliculas/comedia:
 it.xls         madagascar.js          'orgullo y prejuicio.txt'
 lamascara.ls  'mision imposible.png'  'que paso ayer.pdf'

./peliculas/infantiles:
 cars.jpg                  intensamente.txt  'rapidos y furiosos.pdf'
'el juego del miedo.xls'   pocahontas.jpg     titanic.jpg

./peliculas/romanticas:
 Yoantesdeti.xls  'diarios de una pasion.js'   ladamayelbagavundo.png   prueba/

./peliculas/romanticas/prueba:

./peliculas/terror:
 annabelle.js   el_exorcista.pdf  'we wiil rock you.js'

Emi@DESKTOP-RSD2IBU MINGW64 ~/OneDrive/Escritorio/DH (master)
$ mv peliculas/comedia/m
madagascar.js         mision imposible.png

Emi@DESKTOP-RSD2IBU MINGW64 ~/OneDrive/Escritorio/DH (master)
$ mv peliculas/comedia/m
madagascar.js         mision imposible.png

Emi@DESKTOP-RSD2IBU MINGW64 ~/OneDrive/Escritorio/DH (master)
$ mv peliculas/comedia/m
madagascar.js         mision imposible.png

Emi@DESKTOP-RSD2IBU MINGW64 ~/OneDrive/Escritorio/DH (master)
$ mv peliculas/comedia/m
madagascar.js         mision imposible.png

Emi@DESKTOP-RSD2IBU MINGW64 ~/OneDrive/Escritorio/DH (master)
$ mv peliculas/comedia/mison\ imposible.png
mv: missing destination file operand after 'peliculas/comedia/mison imposible.png'
Try 'mv --help' for more information.

Emi@DESKTOP-RSD2IBU MINGW64 ~/OneDrive/Escritorio/DH (master)
$ mv peliculas/comedia/mison\ imposible.png peliculas/accion/mision\ imposible.png
mv: cannot stat 'peliculas/comedia/mison imposible.png': No such file or directory

Emi@DESKTOP-RSD2IBU MINGW64 ~/OneDrive/Escritorio/DH (master)
$ mv peliculas/comedia/mison\imposible.png peliculas/accion/mision\imposible.png
mv: cannot stat 'peliculas/comedia/misonimposible.png': No such file or directory

Emi@DESKTOP-RSD2IBU MINGW64 ~/OneDrive/Escritorio/DH (master)
$ mv peliculas/comedia/mison\imposible.png peliculas/accion/mision\imposible.png
mv: cannot stat 'peliculas/comedia/misonimposible.png': No such file or directory

Emi@DESKTOP-RSD2IBU MINGW64 ~/OneDrive/Escritorio/DH (master)
$ mv peliculas/comedia/mison\ imposible.png peliculas/accion/mision\ imposible.png
mv: cannot stat 'peliculas/comedia/mison imposible.png': No such file or directory

Emi@DESKTOP-RSD2IBU MINGW64 ~/OneDrive/Escritorio/DH (master)
$

Emi@DESKTOP-RSD2IBU MINGW64 ~/OneDrive/Escritorio/DH (master)
$ mv peliculas/comedia/ mison\imposible.png peliculas/accion/ mision\imposible.png
mv: target 'misionimposible.png' is not a directory

Emi@DESKTOP-RSD2IBU MINGW64 ~/OneDrive/Escritorio/DH (master)
$ mv peliculas/comedia/madagascar.js peliculas/infantiles/madagascar.js

Emi@DESKTOP-RSD2IBU MINGW64 ~/OneDrive/Escritorio/DH (master)
$ mv peliculas/comedia/mision\ imposible.png peliculas/accion/mision\ imposible.png

Emi@DESKTOP-RSD2IBU MINGW64 ~/OneDrive/Escritorio/DH (master)
$ mv peliculas/comedia/it.xls peliculas/terror/IT.xls

Emi@DESKTOP-RSD2IBU MINGW64 ~/OneDrive/Escritorio/DH (master)
$ ls -R
.:
peliculas/

./peliculas:
accion/  comedia/  infantiles/  romanticas/  terror/

./peliculas/accion:
 los_vengadores.js  'mision imposible.png'   prueba2/  'smooth criminal.txt.txt'

./peliculas/accion/prueba2:

./peliculas/comedia:
 lamascara.ls  'orgullo y prejuicio.txt'  'que paso ayer.pdf'

./peliculas/infantiles:
 cars.jpg                  intensamente.txt   pocahontas.jpg            titanic.jpg
'el juego del miedo.xls'   madagascar.js     'rapidos y furiosos.pdf'

./peliculas/romanticas:
 Yoantesdeti.xls  'diarios de una pasion.js'   ladamayelbagavundo.png   prueba/

./peliculas/romanticas/prueba:

./peliculas/terror:
 IT.xls   annabelle.js   el_exorcista.pdf  'we wiil rock you.js'

Emi@DESKTOP-RSD2IBU MINGW64 ~/OneDrive/Escritorio/DH (master)
$ mv peliculas/infantiles/titanic.jpg peliculas/romanticas/titanic.jpg

Emi@DESKTOP-RSD2IBU MINGW64 ~/OneDrive/Escritorio/DH (master)
$ mv peliculas/infantiles/el\ juego\ del\ miedo.xls peliculas/terror/el\ JUEGO\ DEL MIED.XLS
mv: target 'MIED.XLS' is not a directory

Emi@DESKTOP-RSD2IBU MINGW64 ~/OneDrive/Escritorio/DH (master)
$ mv peliculas/infantiles/el\ juego\ del\ miedo.xls peliculas/terror/el\ juego\ de\ miedo.xls

Emi@DESKTOP-RSD2IBU MINGW64 ~/OneDrive/Escritorio/DH (master)
$ ls -R
.:
peliculas/

./peliculas:
accion/  comedia/  infantiles/  romanticas/  terror/

./peliculas/accion:
 los_vengadores.js  'mision imposible.png'   prueba2/  'smooth criminal.txt.txt'

./peliculas/accion/prueba2:

./peliculas/comedia:
 lamascara.ls  'orgullo y prejuicio.txt'  'que paso ayer.pdf'

./peliculas/infantiles:
 cars.jpg   intensamente.txt   madagascar.js   pocahontas.jpg  'rapidos y furiosos.pdf'

./peliculas/romanticas:
 Yoantesdeti.xls  'diarios de una pasion.js'   ladamayelbagavundo.png   prueba/   titanic.jpg

./peliculas/romanticas/prueba:

./peliculas/terror:
 IT.xls   annabelle.js  'el juego de miedo.xls'   el_exorcista.pdf  'we wiil rock you.js'

Emi@DESKTOP-RSD2IBU MINGW64 ~/OneDrive/Escritorio/DH (master)
$ mv peliculas/infantiles/rapidos\ y\ furiosos.pdf peliculas/accion/rapidos\ y\ furiosos.pdf

Emi@DESKTOP-RSD2IBU MINGW64 ~/OneDrive/Escritorio/DH (master)
$ mv peliculas/romanticas/yoantesdeti.xls peliculas/romanticas/yo\ antes\ de\ti.xls

Emi@DESKTOP-RSD2IBU MINGW64 ~/OneDrive/Escritorio/DH (master)
$ mv peliculas/romanticas/ladamayelbagavundo.png peliculas/romanticas/la\ dama\ y\ el\ bagavundo.png

Emi@DESKTOP-RSD2IBU MINGW64 ~/OneDrive/Escritorio/DH (master)
$ ls -R
.:
peliculas/

./peliculas:
accion/  comedia/  infantiles/  romanticas/  terror/

./peliculas/accion:
 los_vengadores.js       prueba2/                 'smooth criminal.txt.txt'
'mision imposible.png'  'rapidos y furiosos.pdf'

./peliculas/accion/prueba2:

./peliculas/comedia:
 lamascara.ls  'orgullo y prejuicio.txt'  'que paso ayer.pdf'

./peliculas/infantiles:
cars.jpg  intensamente.txt  madagascar.js  pocahontas.jpg

./peliculas/romanticas:
'diarios de una pasion.js'  'la dama y el bagavundo.png'   prueba/   titanic.jpg  'yo antes deti.xls'

./peliculas/romanticas/prueba:

./peliculas/terror:
 IT.xls   annabelle.js  'el juego de miedo.xls'   el_exorcista.pdf  'we wiil rock you.js'

Emi@DESKTOP-RSD2IBU MINGW64 ~/OneDrive/Escritorio/DH (master)
$ rm peliculas/terror/we\ will\ rock\ you.js
rm: cannot remove 'peliculas/terror/we will rock you.js': No such file or directory

Emi@DESKTOP-RSD2IBU MINGW64 ~/OneDrive/Escritorio/DH (master)
$ rm peliculas/terror/we\will\rock\you.js
rm: cannot remove 'peliculas/terror/wewillrockyou.js': No such file or directory

Emi@DESKTOP-RSD2IBU MINGW64 ~/OneDrive/Escritorio/DH (master)
$ ls -R
.:
peliculas/

./peliculas:
accion/  comedia/  infantiles/  romanticas/  terror/

./peliculas/accion:
 los_vengadores.js       prueba2/                 'smooth criminal.txt.txt'
'mision imposible.png'  'rapidos y furiosos.pdf'

./peliculas/accion/prueba2:

./peliculas/comedia:
 lamascara.ls  'orgullo y prejuicio.txt'  'que paso ayer.pdf'

./peliculas/infantiles:
cars.jpg  intensamente.txt  madagascar.js  pocahontas.jpg

./peliculas/romanticas:
'diarios de una pasion.js'  'la dama y el bagavundo.png'   prueba/   titanic.jpg  'yo antes deti.xls'

./peliculas/romanticas/prueba:

./peliculas/terror:
 IT.xls   annabelle.js  'el juego de miedo.xls'   el_exorcista.pdf  'we wiil rock you.js'

Emi@DESKTOP-RSD2IBU MINGW64 ~/OneDrive/Escritorio/DH (master)
$ rm peliculas/terror/we\wiil\rock\you.js
rm: cannot remove 'peliculas/terror/wewiilrockyou.js': No such file or directory

Emi@DESKTOP-RSD2IBU MINGW64 ~/OneDrive/Escritorio/DH (master)
$ rm peliculas/terror/we\ wiil\ rock\ you.js

Emi@DESKTOP-RSD2IBU MINGW64 ~/OneDrive/Escritorio/DH (master)
$ rm peliculas/accion/smooth\criminal.txt.txt
rm: cannot remove 'peliculas/accion/smoothcriminal.txt.txt': No such file or directory

Emi@DESKTOP-RSD2IBU MINGW64 ~/OneDrive/Escritorio/DH (master)
$ rm peliculas/accion/smooth\ criminal.txt.txt

Emi@DESKTOP-RSD2IBU MINGW64 ~/OneDrive/Escritorio/DH (master)
$ touch peliculas/accion/prueba2/noborrar.js

Emi@DESKTOP-RSD2IBU MINGW64 ~/OneDrive/Escritorio/DH (master)
$ cd peliculas/

Emi@DESKTOP-RSD2IBU MINGW64 ~/OneDrive/Escritorio/DH/peliculas (master)
$ clen
bash: clen: command not found

Emi@DESKTOP-RSD2IBU MINGW64 ~/OneDrive/Escritorio/DH/peliculas (master)
$ ls -R
.:
accion/  comedia/  infantiles/  romanticas/  terror/

./accion:
 los_vengadores.js  'mision imposible.png'   prueba2/  'rapidos y furiosos.pdf'

./accion/prueba2:
noborrar.js

./comedia:
 lamascara.ls  'orgullo y prejuicio.txt'  'que paso ayer.pdf'

./infantiles:
cars.jpg  intensamente.txt  madagascar.js  pocahontas.jpg

./romanticas:
'diarios de una pasion.js'  'la dama y el bagavundo.png'   prueba/   titanic.jpg  'yo antes deti.xls'

./romanticas/prueba:

./terror:
 IT.xls   annabelle.js  'el juego de miedo.xls'   el_exorcista.pdf

Emi@DESKTOP-RSD2IBU MINGW64 ~/OneDrive/Escritorio/DH/peliculas (master)
$ mv accion/prueba2/noborrar.ls ../../romanticas/prueba
mv: cannot stat 'accion/prueba2/noborrar.ls': No such file or directory

Emi@DESKTOP-RSD2IBU MINGW64 ~/OneDrive/Escritorio/DH/peliculas (master)
$ mv accion/prueba2/noborrar.ls ../romanticas/prueba
mv: cannot stat 'accion/prueba2/noborrar.ls': No such file or directory

Emi@DESKTOP-RSD2IBU MINGW64 ~/OneDrive/Escritorio/DH/peliculas (master)
$ mv accion/prueba2/noborrar.ls  .. ../romanticas/prueba
mv: target '../romanticas/prueba' is not a directory

Emi@DESKTOP-RSD2IBU MINGW64 ~/OneDrive/Escritorio/DH/peliculas (master)
$ mv accion/prueba2/noborrar.ls romanticas/prueba
mv: cannot stat 'accion/prueba2/noborrar.ls': No such file or directory

Emi@DESKTOP-RSD2IBU MINGW64 ~/OneDrive/Escritorio/DH/peliculas (master)
$ mv accion/prueba2/noborrar.js romanticas/prueba

Emi@DESKTOP-RSD2IBU MINGW64 ~/OneDrive/Escritorio/DH/peliculas (master)
$ cd ..

Emi@DESKTOP-RSD2IBU MINGW64 ~/OneDrive/Escritorio/DH (master)
$ touch camada.TXT

Emi@DESKTOP-RSD2IBU MINGW64 ~/OneDrive/Escritorio/DH (master)
$ CD peliculas/
bash: CD: command not found

Emi@DESKTOP-RSD2IBU MINGW64 ~/OneDrive/Escritorio/DH (master)
$ cd peliculas/

Emi@DESKTOP-RSD2IBU MINGW64 ~/OneDrive/Escritorio/DH/peliculas (master)
$ mv terror/it.xls infantiles

Emi@DESKTOP-RSD2IBU MINGW64 ~/OneDrive/Escritorio/DH/peliculas (master)
$ RM CAMADA.TXT
RM: cannot remove 'CAMADA.TXT': No such file or directory

Emi@DESKTOP-RSD2IBU MINGW64 ~/OneDrive/Escritorio/DH/peliculas (master)
$ ls -R
.:
accion/  comedia/  infantiles/  romanticas/  terror/

./accion:
 los_vengadores.js  'mision imposible.png'   prueba2/  'rapidos y furiosos.pdf'

./accion/prueba2:

./comedia:
 lamascara.ls  'orgullo y prejuicio.txt'  'que paso ayer.pdf'

./infantiles:
cars.jpg  intensamente.txt  it.xls  madagascar.js  pocahontas.jpg

./romanticas:
'diarios de una pasion.js'  'la dama y el bagavundo.png'   prueba/   titanic.jpg  'yo antes deti.xls'

./romanticas/prueba:
noborrar.js

./terror:
 annabelle.js  'el juego de miedo.xls'   el_exorcista.pdf

Emi@DESKTOP-RSD2IBU MINGW64 ~/OneDrive/Escritorio/DH/peliculas (master)
$ cd ..

Emi@DESKTOP-RSD2IBU MINGW64 ~/OneDrive/Escritorio/DH (master)
$ ls -R
.:
camada.TXT  peliculas/

./peliculas:
accion/  comedia/  infantiles/  romanticas/  terror/

./peliculas/accion:
 los_vengadores.js  'mision imposible.png'   prueba2/  'rapidos y furiosos.pdf'

./peliculas/accion/prueba2:

./peliculas/comedia:
 lamascara.ls  'orgullo y prejuicio.txt'  'que paso ayer.pdf'

./peliculas/infantiles:
cars.jpg  intensamente.txt  it.xls  madagascar.js  pocahontas.jpg

./peliculas/romanticas:
'diarios de una pasion.js'  'la dama y el bagavundo.png'   prueba/   titanic.jpg  'yo antes deti.xls'

./peliculas/romanticas/prueba:
noborrar.js

./peliculas/terror:
 annabelle.js  'el juego de miedo.xls'   el_exorcista.pdf

Emi@DESKTOP-RSD2IBU MINGW64 ~/OneDrive/Escritorio/DH (master)
$ cd peliculas

Emi@DESKTOP-RSD2IBU MINGW64 ~/OneDrive/Escritorio/DH/peliculas (master)
$ rm ../camada.txt

Emi@DESKTOP-RSD2IBU MINGW64 ~/OneDrive/Escritorio/DH/peliculas (master)
$ ls -R
.:
accion/  comedia/  infantiles/  romanticas/  terror/

./accion:
 los_vengadores.js  'mision imposible.png'   prueba2/  'rapidos y furiosos.pdf'

./accion/prueba2:

./comedia:
 lamascara.ls  'orgullo y prejuicio.txt'  'que paso ayer.pdf'

./infantiles:
cars.jpg  intensamente.txt  it.xls  madagascar.js  pocahontas.jpg

./romanticas:
'diarios de una pasion.js'  'la dama y el bagavundo.png'   prueba/   titanic.jpg  'yo antes deti.xls'

./romanticas/prueba:
noborrar.js

./terror:
 annabelle.js  'el juego de miedo.xls'   el_exorcista.pdf

Emi@DESKTOP-RSD2IBU MINGW64 ~/OneDrive/Escritorio/DH/peliculas (master)
$ cd ..

Emi@DESKTOP-RSD2IBU MINGW64 ~/OneDrive/Escritorio/DH (master)
$ ls -R
.:
peliculas/

./peliculas:
accion/  comedia/  infantiles/  romanticas/  terror/

./peliculas/accion:
 los_vengadores.js  'mision imposible.png'   prueba2/  'rapidos y furiosos.pdf'

./peliculas/accion/prueba2:

./peliculas/comedia:
 lamascara.ls  'orgullo y prejuicio.txt'  'que paso ayer.pdf'

./peliculas/infantiles:
cars.jpg  intensamente.txt  it.xls  madagascar.js  pocahontas.jpg

./peliculas/romanticas:
'diarios de una pasion.js'  'la dama y el bagavundo.png'   prueba/   titanic.jpg  'yo antes deti.xls'

./peliculas/romanticas/prueba:
noborrar.js

./peliculas/terror:
 annabelle.js  'el juego de miedo.xls'   el_exorcista.pdf

Emi@DESKTOP-RSD2IBU MINGW64 ~/OneDrive/Escritorio/DH (master)
$ cd peliculas/

Emi@DESKTOP-RSD2IBU MINGW64 ~/OneDrive/Escritorio/DH/peliculas (master)
$ rm romanticas/prueba
rm: cannot remove 'romanticas/prueba': Is a directory

Emi@DESKTOP-RSD2IBU MINGW64 ~/OneDrive/Escritorio/DH/peliculas (master)
$ rmdir romanticas/prueba/
rmdir: failed to remove 'romanticas/prueba/': Directory not empty

Emi@DESKTOP-RSD2IBU MINGW64 ~/OneDrive/Escritorio/DH/peliculas (master)
$ rm -r romanticas/prueba/

Emi@DESKTOP-RSD2IBU MINGW64 ~/OneDrive/Escritorio/DH/peliculas (master)
$
